// Vitest Snapshot v1, https://vitest.dev/guide/snapshot.html

exports[`imageDropzone test > when initialized with images, the images are shown in thumbnails 1`] = `
<div>
  <section
    class="edit-recipe-images-container"
  >
    <div
      class="dropzone"
      role="presentation"
      tabindex="0"
    >
      <input
        accept="image/jpeg,.jpg,.jpeg,image/png,.png"
        multiple=""
        style="display: none;"
        tabindex="-1"
        type="file"
      />
      <p>
        Bilder hinzuf√ºgen
      </p>
    </div>
    <aside
      class="edit-recipe-images-thumbs-container"
    >
      <div
        class="edit-recipe-images-thumb"
      >
        <div>
          <img
            alt="thumbnail"
            id="image"
            src="http://localhost/thumbnail"
          />
          <div
            id="overlay"
          >
            <svg
              fill="currentColor"
              height="1em"
              stroke="currentColor"
              stroke-width="0"
              viewBox="0 0 448 512"
              width="1em"
              xmlns="http://www.w3.org/2000/svg"
            >
              <path
                d="M32 464a48 48 0 0 0 48 48h288a48 48 0 0 0 48-48V128H32zm272-256a16 16 0 0 1 32 0v224a16 16 0 0 1-32 0zm-96 0a16 16 0 0 1 32 0v224a16 16 0 0 1-32 0zm-96 0a16 16 0 0 1 32 0v224a16 16 0 0 1-32 0zM432 32H312l-9.4-18.7A24 24 0 0 0 281.1 0H166.8a23.72 23.72 0 0 0-21.4 13.3L136 32H16A16 16 0 0 0 0 48v32a16 16 0 0 0 16 16h416a16 16 0 0 0 16-16V48a16 16 0 0 0-16-16z"
              />
            </svg>
          </div>
        </div>
      </div>
    </aside>
  </section>
</div>
`;
